// Jest Snapshot v1, https://goo.gl/fbAQLP

exports[`Button-1 1`] = `
<button
  className="button button-extra"
>
  This is the Content
</button>
`;
