// Jest Snapshot v1, https://goo.gl/fbAQLP

exports[`Button-3 1`] = `
<button
  className="button button-extra"
>
  ðŸ˜˜ðŸ˜Ž
</button>
`;
